[2026-08-31 11:00:00] orchestrator start
[2026-08-31 11:00:00] orchestrator wrote state.md
[2026-08-31 11:00:00] orchestrator route existing_feature_first_exploration -> page-map-sync
[2026-08-31 11:00:00] orchestrator assumption: task_type=existing_feature_first_exploration; execution_mode=codex_single_context(紧耦合连续交互,未要求隔离)

[2026-08-31 11:40:00] page-map-sync start
[2026-08-31 11:40:00] page-map-sync step:exploring /help desktop/mobile/search/contact
[2026-08-31 11:40:00] page-map-sync wrote page_map/pokecut/help_v2.yaml
[2026-08-31 11:40:00] page-map-sync wrote sync.md (pending_review)
[2026-08-31 11:40:00] page-map-sync gate:sync_review

[2026-08-31 12:00:00] orchestrator sync confirmed by user
[2026-08-31 12:10:00] test-case-design start
[2026-08-31 12:10:00] test-case-design step:designed 14 cases
[2026-08-31 12:10:00] test-case-design wrote cases.md (pending_review)
[2026-08-31 12:10:00] test-case-design gate:cases_review

[2026-08-31 12:20:00] test-writing start
[2026-08-31 12:20:00] test-writing wrote tests/test_help_page.py
[2026-08-31 12:20:00] test-writing collect_only: 26 collected
[2026-08-31 12:20:00] test-writing round 1: 21 passed, 5 failed -> selector fixes
[2026-08-31 12:20:00] test-writing self-run: 26 passed, 0 failed
[2026-08-31 12:20:00] test-writing wrote impl.md (completed)
[2026-08-31 12:25:00] review pass; wrote review.md
[2026-08-31 12:26:00] orchestrator -> test-writing(report-output)

[2026-08-31 13:00:00] test-writing report-output: allure generate reports/allure-report-matrix --clean
[2026-08-31 13:00:00] test-writing report-output: http.server 8123 -> reports/allure-report-matrix
[2026-08-31 13:05:00] orchestrator gate: regression_archive pending user confirmation

[2026-08-31 13:20:00] user requested dedup cases
[2026-08-31 13:25:00] test-case-design rewrote cases.md (10 cases, pending_review)
[2026-08-31 13:30:00] test-writing rewrote tests/test_help_page.py (10 cases)
[2026-08-31 13:30:00] test-writing self-run: 20 passed, 0 failed
[2026-08-31 13:32:00] review pass; rewrote review.md
[2026-08-31 13:35:00] test-writing report-output: regenerate allure-report-matrix
[2026-08-31 13:35:00] orchestrator gate: cases + regression_archive pending user confirmation

[2026-09-01 10:00:00] user 指出报告应为 10 条而非 20 条
[2026-09-01 10:05:00] test-writing rewrote tests 去参数化循环 (10 条)
[2026-09-01 10:05:00] test-writing self-run: 10 passed in 189.74s
[2026-09-01 10:10:00] test-writing report-output: regenerate allure-report-matrix (10)
[2026-09-01 10:10:00] orchestrator gate: cases + regression_archive pending user confirmation

[2026-09-01 10:15:00] user 指出 L2-005 空态无截图 + 要求 L1~L6 分层
[2026-09-01 10:30:00] test-case-design rewrote cases.md (11 条 L1~L6，补 L6-001)
[2026-09-01 10:30:00] test-writing 修 L2-005 空态截图 + 加 L6-001 smoke
[2026-09-01 10:40:00] test-writing self-run: 11 passed in 187.80s
[2026-09-01 10:40:00] report-output: regenerate allure-report-matrix (11)
[2026-09-01 10:40:00] orchestrator gate: cases + regression_archive pending user confirmation

[2026-09-01 11:00:00] user confirmed archive + knowledge deposit
[2026-09-01 11:00:00] regression-archive: copied archive/help_center/test_help_page.py
[2026-09-01 11:00:00] regression-archive: registry updated stable_regression
[2026-09-01 11:00:00] regression-archive: wrote archive.md
[2026-09-01 11:00:00] regression-archive: allure-results-archive / allure-report-archive snapshots
[2026-09-01 11:00:00] knowledge deposit: dedup rules -> test-case-design/test-writing SKILL + orchestrator
[2026-09-01 11:00:00] orchestrator done: completed
