[2026-08-30 00:00:00] orchestrator start
[2026-08-30 00:30:00] page-map-sync step:exploring /create -> Start from a Photo -> /agent text layer flow
[2026-08-30 00:30:00] page-map-sync step:wrote page_map/pokecut/infinite_canvas_text_layer_v2.yaml
[2026-08-30 00:30:00] page-map-sync wrote artifact sync.md (pending_review)
[2026-08-30 00:31:00] orchestrator gate:sync_review pending user confirmation
[2026-08-30 00:45:00] page-map-sync step:exploring adjust panel buttons (click before/after)
[2026-08-30 00:45:00] page-map-sync wrote adjust_panel_interactions.json / background_interactions.json / outline_interactions.json / basic_interactions.json
[2026-08-30 13:20:00] page-map-sync step:exploring two-line Space Height / Reflection effect / color palette / picker
[2026-08-30 15:40:00] orchestrator gate:sync_review confirmed by user
[2026-08-30 15:40:00] orchestrator route -> test-case-design(final_after_sync)
[2026-08-30 16:00:00] test-case-design step:loaded confirmed sync + page_map v2
[2026-08-30 16:00:00] test-case-design wrote artifact cases.md (pending_review)
[2026-08-30 16:00:00] orchestrator gate:cases_review pending user confirmation
[2026-08-30 16:10:00] orchestrator gate:cases_review confirmed by user
[2026-08-30 16:10:00] orchestrator route -> test-writing
[2026-08-30 16:30:00] test-writing step:collect_only 24 tests
[2026-08-30 16:45:00] test-writing step:round 1 self-run 1 failed / 23 passed, fixed assertion, rerun failed passed
[2026-08-30 16:45:00] test-writing wrote artifact impl.md (completed)
[2026-08-30 17:10:00] review wrote artifact review.md (verdict=pass)
[2026-08-30 17:10:00] test-writing report-output generated reports/allure-results-matrix and reports/allure-report-matrix
[2026-08-30 17:10:00] orchestrator gate:regression_archive pending user confirmation
[2026-08-30 17:50:00] test-writing round 2: added missing final-state Allure screenshots
[2026-08-30 17:50:00] test-writing round 2: full rerun 24 passed; regenerated allure-report-matrix
[2026-08-30 17:50:00] test-writing round 2: added missing final-state Allure screenshots
[2026-08-30 17:50:00] test-writing round 2: full rerun 24 passed; regenerated allure-report-matrix
[2026-08-30 18:20:00] test-writing round 3: merged 24 cases to 6, fixed Reflection toggle before params
[2026-08-30 18:20:00] test-writing round 3: full rerun 6 passed; regenerated allure-report-matrix
[2026-08-31 10:00:00] test-writing round 4: Background picker mode assertion + palette/picker color distinction
[2026-08-31 10:20:00] test-writing round 5: palette/picker use distinct colors for Background/Outline
[2026-08-31 11:00:00] test-writing round 6: fixed picker screenshot timing and palette modal close
[2026-08-31 10:55:53] orchestrator archive: copied tests to archive/infinite_canvas/, updated registry, wrote archive.md
[2026-08-31 10:55:53] orchestrator done: state completed
