FFFFFFF                                                                  [100%]
================================== FAILURES ===================================
_____________ TestL1PageStructure.test_l1_002_hero_copy[chromium] _____________
tests\test_mobile_home.py:120: in test_l1_002_hero_copy
    expect(page.locator("section.mobile-home-agent-hero button", has_text="Pokecut Pro")).to_be_visible()
E   AssertionError: Locator expected to be visible
E   Actual value: None
E   Error: element(s) not found 
E   Call log:
E     - Expect "to_be_visible" with timeout 5000ms
E     - waiting for locator("section.mobile-home-agent-hero button").filter(has_text="Pokecut Pro")
___________ TestL2Interactions.test_l2_003_model_popover[chromium] ____________
tests\test_mobile_home.py:171: in test_l2_003_model_popover
    page.locator("section.mobile-home-agent-hero button", has_text="Pokecut Pro").click()
C:\Users\liangjinrun\AppData\Local\Programs\Python\Python312\Lib\site-packages\playwright\sync_api\_generated.py:16196: in click
    self._sync(
C:\Users\liangjinrun\AppData\Local\Programs\Python\Python312\Lib\site-packages\playwright\_impl\_locator.py:162: in click
    return await self._frame._click(self._selector, strict=True, **params)
           ^^^^^^^^^^^^^^^^^^^^^^^^^^^^^^^^^^^^^^^^^^^^^^^^^^^^^^^^^^^^^^^
C:\Users\liangjinrun\AppData\Local\Programs\Python\Python312\Lib\site-packages\playwright\_impl\_frame.py:566: in _click
    await self._channel.send("click", self._timeout, locals_to_params(locals()))
C:\Users\liangjinrun\AppData\Local\Programs\Python\Python312\Lib\site-packages\playwright\_impl\_connection.py:69: in send
    return await self._connection.wrap_api_call(
C:\Users\liangjinrun\AppData\Local\Programs\Python\Python312\Lib\site-packages\playwright\_impl\_connection.py:559: in wrap_api_call
    raise rewrite_error(error, f"{parsed_st['apiName']}: {error}") from None
E   playwright._impl._errors.TimeoutError: Locator.click: Timeout 15000ms exceeded.
E   Call log:
E     - waiting for locator("section.mobile-home-agent-hero button").filter(has_text="Pokecut Pro")
__________ TestL2Interactions.test_l2_010_effect_template[chromium] ___________
tests\test_mobile_home.py:298: in test_l2_010_effect_template
    upload_via(page, page.get_by_role("button", name="Butt").first, IMG_VALID)
tests\test_mobile_home.py:52: in upload_via
    trigger.click()
C:\Users\liangjinrun\AppData\Local\Programs\Python\Python312\Lib\site-packages\playwright\sync_api\_generated.py:16196: in click
    self._sync(
C:\Users\liangjinrun\AppData\Local\Programs\Python\Python312\Lib\site-packages\playwright\_impl\_locator.py:162: in click
    return await self._frame._click(self._selector, strict=True, **params)
           ^^^^^^^^^^^^^^^^^^^^^^^^^^^^^^^^^^^^^^^^^^^^^^^^^^^^^^^^^^^^^^^
C:\Users\liangjinrun\AppData\Local\Programs\Python\Python312\Lib\site-packages\playwright\_impl\_frame.py:566: in _click
    await self._channel.send("click", self._timeout, locals_to_params(locals()))
C:\Users\liangjinrun\AppData\Local\Programs\Python\Python312\Lib\site-packages\playwright\_impl\_connection.py:69: in send
    return await self._connection.wrap_api_call(
C:\Users\liangjinrun\AppData\Local\Programs\Python\Python312\Lib\site-packages\playwright\_impl\_connection.py:559: in wrap_api_call
    raise rewrite_error(error, f"{parsed_st['apiName']}: {error}") from None
E   playwright._impl._errors.TimeoutError: Locator.click: Timeout 15000ms exceeded.
E   Call log:
E     - waiting for get_by_role("button", name="Butt").first
___________ TestL2Interactions.test_l2_008_prompt_popups[chromium] ____________
tests\test_pokecut_pc_home_v6.py:573: in test_l2_008_prompt_popups
    model_button.scroll_into_view_if_needed()
C:\Users\liangjinrun\AppData\Local\Programs\Python\Python312\Lib\site-packages\playwright\sync_api\_generated.py:18146: in scroll_into_view_if_needed
    self._sync(self._impl_obj.scroll_into_view_if_needed(timeout=timeout))
C:\Users\liangjinrun\AppData\Local\Programs\Python\Python312\Lib\site-packages\playwright\_impl\_locator.py:594: in scroll_into_view_if_needed
    return await self._with_element(
C:\Users\liangjinrun\AppData\Local\Programs\Python\Python312\Lib\site-packages\playwright\_impl\_locator.py:113: in _with_element
    handle = await self.element_handle(timeout=timeout)
             ^^^^^^^^^^^^^^^^^^^^^^^^^^^^^^^^^^^^^^^^^^
C:\Users\liangjinrun\AppData\Local\Programs\Python\Python312\Lib\site-packages\playwright\_impl\_locator.py:319: in element_handle
    handle = await self._frame.wait_for_selector(
C:\Users\liangjinrun\AppData\Local\Programs\Python\Python312\Lib\site-packages\playwright\_impl\_frame.py:369: in wait_for_selector
    await self._channel.send(
C:\Users\liangjinrun\AppData\Local\Programs\Python\Python312\Lib\site-packages\playwright\_impl\_connection.py:69: in send
    return await self._connection.wrap_api_call(
C:\Users\liangjinrun\AppData\Local\Programs\Python\Python312\Lib\site-packages\playwright\_impl\_connection.py:559: in wrap_api_call
    raise rewrite_error(error, f"{parsed_st['apiName']}: {error}") from None
E   playwright._impl._errors.TimeoutError: Locator.scroll_into_view_if_needed: Timeout 30000ms exceeded.
E   Call log:
E     - waiting for locator("button").filter(has_text="Pokecut Pro").first
_________ TestL1BatchStructure.test_l1_007_delete_label_bug[chromium] _________
tests\test_pokecut_pc_batch_v1.py:314: in test_l1_007_delete_label_bug
    actual = session_page.get_by_role("button", name="Delect").last.inner_text()
             ^^^^^^^^^^^^^^^^^^^^^^^^^^^^^^^^^^^^^^^^^^^^^^^^^^^^^^^^^^^^^^^^^^^
C:\Users\liangjinrun\AppData\Local\Programs\Python\Python312\Lib\site-packages\playwright\sync_api\_generated.py:17652: in inner_text
    self._sync(self._impl_obj.inner_text(timeout=timeout))
C:\Users\liangjinrun\AppData\Local\Programs\Python\Python312\Lib\site-packages\playwright\_impl\_locator.py:476: in inner_text
    return await self._frame.inner_text(
C:\Users\liangjinrun\AppData\Local\Programs\Python\Python312\Lib\site-packages\playwright\_impl\_frame.py:712: in inner_text
    return await self._channel.send(
C:\Users\liangjinrun\AppData\Local\Programs\Python\Python312\Lib\site-packages\playwright\_impl\_connection.py:69: in send
    return await self._connection.wrap_api_call(
C:\Users\liangjinrun\AppData\Local\Programs\Python\Python312\Lib\site-packages\playwright\_impl\_connection.py:559: in wrap_api_call
    raise rewrite_error(error, f"{parsed_st['apiName']}: {error}") from None
E   playwright._impl._errors.TimeoutError: Locator.inner_text: Timeout 30000ms exceeded.
E   Call log:
E     - waiting for get_by_role("button", name="Delect").last
__________ TestL2BatchInteractions.test_l2_011_delete_flow[chromium] __________
tests\test_pokecut_pc_batch_v1.py:735: in test_l2_011_delete_flow
    session_page.get_by_role("button", name="Delect").click()
C:\Users\liangjinrun\AppData\Local\Programs\Python\Python312\Lib\site-packages\playwright\sync_api\_generated.py:16196: in click
    self._sync(
C:\Users\liangjinrun\AppData\Local\Programs\Python\Python312\Lib\site-packages\playwright\_impl\_locator.py:162: in click
    return await self._frame._click(self._selector, strict=True, **params)
           ^^^^^^^^^^^^^^^^^^^^^^^^^^^^^^^^^^^^^^^^^^^^^^^^^^^^^^^^^^^^^^^
C:\Users\liangjinrun\AppData\Local\Programs\Python\Python312\Lib\site-packages\playwright\_impl\_frame.py:566: in _click
    await self._channel.send("click", self._timeout, locals_to_params(locals()))
C:\Users\liangjinrun\AppData\Local\Programs\Python\Python312\Lib\site-packages\playwright\_impl\_connection.py:69: in send
    return await self._connection.wrap_api_call(
C:\Users\liangjinrun\AppData\Local\Programs\Python\Python312\Lib\site-packages\playwright\_impl\_connection.py:559: in wrap_api_call
    raise rewrite_error(error, f"{parsed_st['apiName']}: {error}") from None
E   playwright._impl._errors.TimeoutError: Locator.click: Timeout 30000ms exceeded.
E   Call log:
E     - waiting for get_by_role("button", name="Delect")
_________ TestL2BatchInteractions.test_l2_012_download_flow[chromium] _________
tests\test_pokecut_pc_batch_v1.py:762: in test_l2_012_download_flow
    session_page.get_by_role("button", name="Delect").click()
C:\Users\liangjinrun\AppData\Local\Programs\Python\Python312\Lib\site-packages\playwright\sync_api\_generated.py:16196: in click
    self._sync(
C:\Users\liangjinrun\AppData\Local\Programs\Python\Python312\Lib\site-packages\playwright\_impl\_locator.py:162: in click
    return await self._frame._click(self._selector, strict=True, **params)
           ^^^^^^^^^^^^^^^^^^^^^^^^^^^^^^^^^^^^^^^^^^^^^^^^^^^^^^^^^^^^^^^
C:\Users\liangjinrun\AppData\Local\Programs\Python\Python312\Lib\site-packages\playwright\_impl\_frame.py:566: in _click
    await self._channel.send("click", self._timeout, locals_to_params(locals()))
C:\Users\liangjinrun\AppData\Local\Programs\Python\Python312\Lib\site-packages\playwright\_impl\_connection.py:69: in send
    return await self._connection.wrap_api_call(
C:\Users\liangjinrun\AppData\Local\Programs\Python\Python312\Lib\site-packages\playwright\_impl\_connection.py:559: in wrap_api_call
    raise rewrite_error(error, f"{parsed_st['apiName']}: {error}") from None
E   playwright._impl._errors.TimeoutError: Locator.click: Timeout 30000ms exceeded.
E   Call log:
E     - waiting for get_by_role("button", name="Delect")
----- Generated html report: file:///D:/Test/web-test/reports/report.html -----
=========================== short test summary info ===========================
FAILED tests/test_mobile_home.py::TestL1PageStructure::test_l1_002_hero_copy[chromium]
FAILED tests/test_mobile_home.py::TestL2Interactions::test_l2_003_model_popover[chromium]
FAILED tests/test_mobile_home.py::TestL2Interactions::test_l2_010_effect_template[chromium]
FAILED tests/test_pokecut_pc_home_v6.py::TestL2Interactions::test_l2_008_prompt_popups[chromium]
FAILED tests/test_pokecut_pc_batch_v1.py::TestL1BatchStructure::test_l1_007_delete_label_bug[chromium]
FAILED tests/test_pokecut_pc_batch_v1.py::TestL2BatchInteractions::test_l2_011_delete_flow[chromium]
FAILED tests/test_pokecut_pc_batch_v1.py::TestL2BatchInteractions::test_l2_012_download_flow[chromium]
7 failed, 64 deselected in 222.57s (0:03:42)
