
=== START test_pokecut_portrait_detector :: tests/test_pokecut_portrait_detector.py ===
=== END test_pokecut_portrait_detector exit=0 seconds=318.61 counts={'passed': 14} ===
..............                                                           [100%]
----- Generated html report: file:///D:/Test/web-test/reports/report.html -----
14 passed in 316.71s (0:05:16)

=== START test_ai_image_text_enhancer_experiment :: tests/test_ai_image_text_enhancer_experiment.py ===
=== END test_ai_image_text_enhancer_experiment exit=0 seconds=787.8 counts={'passed': 16, 'skipped': 2} ===
..s..............s                                                       [100%]
----- Generated html report: file:///D:/Test/web-test/reports/report.html -----
16 passed, 2 skipped in 785.38s (0:13:05)

=== START test_infinite_canvas_text_layer_v2 :: tests/test_infinite_canvas_text_layer_v2.py ===
=== END test_infinite_canvas_text_layer_v2 exit=0 seconds=300.08 counts={'passed': 6} ===
  D:\Test\web-test\tests\test_infinite_canvas_text_layer_v2.py:199: DeprecationWarning: Image.Image.getdata is deprecated and will be removed in Pillow 14 (2027-10-15). Use get_flattened_data instead.
    return sum(1 for px in diff.getdata() if px != (0, 0, 0))

-- Docs: https://docs.pytest.org/en/stable/how-to/capture-warnings.html
----- Generated html report: file:///D:/Test/web-test/reports/report.html -----
6 passed, 6 warnings in 297.61s (0:04:57)

=== START test_mobile_home :: tests/test_mobile_home.py ===
=== END test_mobile_home exit=1 seconds=434.92 counts={'passed': 34, 'failed': 3, 'skipped': 1} ===
----- Generated html report: file:///D:/Test/web-test/reports/report.html -----
=========================== short test summary info ===========================
FAILED tests/test_mobile_home.py::TestL1PageStructure::test_l1_002_hero_copy[chromium]
FAILED tests/test_mobile_home.py::TestL2Interactions::test_l2_003_model_popover[chromium]
FAILED tests/test_mobile_home.py::TestL2Interactions::test_l2_010_effect_template[chromium]
3 failed, 34 passed, 1 skipped in 433.08s (0:07:13)

=== START test_help_page :: tests/test_help_page.py ===
=== END test_help_page exit=0 seconds=190.06 counts={'passed': 11} ===
...........                                                              [100%]
----- Generated html report: file:///D:/Test/web-test/reports/report.html -----
11 passed in 188.37s (0:03:08)

=== START test_detection_ui_seo_l6 :: tests/test_detection_ui_seo_l6.py ===
=== END test_detection_ui_seo_l6 exit=0 seconds=173.23 counts={'passed': 2} ===
..                                                                       [100%]
----- Generated html report: file:///D:/Test/web-test/reports/report.html -----
2 passed in 171.71s (0:02:51)

=== START test_pokecut_pc_home_v6 :: tests/test_pokecut_pc_home_v6.py ===
=== END test_pokecut_pc_home_v6 exit=1 seconds=372.36 counts={'passed': 16, 'failed': 1} ===
E   Call log:
E     - waiting for locator("button").filter(has_text="Pokecut Pro").first
----- Generated html report: file:///D:/Test/web-test/reports/report.html -----
=========================== short test summary info ===========================
FAILED tests/test_pokecut_pc_home_v6.py::TestL2Interactions::test_l2_008_prompt_popups[chromium]
1 failed, 16 passed in 370.91s (0:06:10)

=== START test_pokecut_pc_batch_v1 :: tests/test_pokecut_pc_batch_v1.py ===
=== END test_pokecut_pc_batch_v1 exit=1 seconds=382.5 counts={'passed': 13, 'failed': 3} ===
----- Generated html report: file:///D:/Test/web-test/reports/report.html -----
=========================== short test summary info ===========================
FAILED tests/test_pokecut_pc_batch_v1.py::TestL1BatchStructure::test_l1_007_delete_label_bug[chromium]
FAILED tests/test_pokecut_pc_batch_v1.py::TestL2BatchInteractions::test_l2_011_delete_flow[chromium]
FAILED tests/test_pokecut_pc_batch_v1.py::TestL2BatchInteractions::test_l2_012_download_flow[chromium]
3 failed, 13 passed, 6 warnings in 381.04s (0:06:21)

=== START test_old_canvas_insert_panel_v3 :: tests/test_old_canvas_insert_panel_v3.py ===
=== END test_old_canvas_insert_panel_v3 exit=0 seconds=580.38 counts={'passed': 24} ===
  D:\Test\web-test\tests\test_old_canvas_insert_panel_v3.py:185: DeprecationWarning: Image.Image.getdata is deprecated and will be removed in Pillow 14 (2027-10-15). Use get_flattened_data instead.
    pts = sum(1 for px in diff.getdata() if sum(px) > 12)

-- Docs: https://docs.pytest.org/en/stable/how-to/capture-warnings.html
----- Generated html report: file:///D:/Test/web-test/reports/report.html -----
24 passed, 22 warnings in 578.83s (0:09:38)

=== START test_old_canvas_text_panel_v1 :: tests/test_old_canvas_text_panel_v1.py ===
=== END test_old_canvas_text_panel_v1 exit=0 seconds=388.36 counts={'passed': 13} ===
  D:\Test\web-test\tests\test_old_canvas_text_panel_v1.py:199: DeprecationWarning: Image.Image.getdata is deprecated and will be removed in Pillow 14 (2027-10-15). Use get_flattened_data instead.
    px = list(ImageChops.difference(ia, ib).convert("L").getdata())

-- Docs: https://docs.pytest.org/en/stable/how-to/capture-warnings.html
----- Generated html report: file:///D:/Test/web-test/reports/report.html -----
13 passed, 18 warnings in 386.91s (0:06:26)

=== START test_old_canvas_sticker_panel_v1 :: tests/test_old_canvas_sticker_panel_v1.py ===
=== END test_old_canvas_sticker_panel_v1 exit=0 seconds=205.08 counts={'passed': 9} ===
.........                                                                [100%]
----- Generated html report: file:///D:/Test/web-test/reports/report.html -----
9 passed in 203.65s (0:03:23)

=== START test_infinite_canvas_enhance_v4 :: tests/test_infinite_canvas_enhance_v4.py ===
=== END test_infinite_canvas_enhance_v4 exit=1 seconds=389.66 counts={'passed': 3, 'failed': 3} ===
----- Generated html report: file:///D:/Test/web-test/reports/report.html -----
=========================== short test summary info ===========================
FAILED tests/test_infinite_canvas_enhance_v4.py::TestL5ResolutionBoundaries::test_l5_001_resolution_default_matrix_and_8k_uncompressed
FAILED tests/test_infinite_canvas_enhance_v4.py::TestL6EnhanceWorkflow::test_l6_002_standard_portrait_text_matrix
FAILED tests/test_infinite_canvas_enhance_v4.py::TestL6EnhanceWorkflow::test_l6_003_8k_routes
3 failed, 3 passed in 388.27s (0:06:28)

=== SUMMARY ===
[
  {
    "name": "test_pokecut_portrait_detector",
    "script": "tests/test_pokecut_portrait_detector.py",
    "archive": "archive/portrait_detector/test_pokecut_portrait_detector.py",
    "status": "stable_regression",
    "exit_code": 0,
    "seconds": 318.61,
    "counts": {
      "passed": 14
    },
    "log": "artifacts/2026-09-14_stable_regression_all_archived/regression/test_pokecut_portrait_detector.log"
  },
  {
    "name": "test_ai_image_text_enhancer_experiment",
    "script": "tests/test_ai_image_text_enhancer_experiment.py",
    "archive": "archive/tool_pages/test_ai_image_text_enhancer_experiment.py",
    "status": "stable_regression",
    "exit_code": 0,
    "seconds": 787.8,
    "counts": {
      "passed": 16,
      "skipped": 2
    },
    "log": "artifacts/2026-09-14_stable_regression_all_archived/regression/test_ai_image_text_enhancer_experiment.log"
  },
  {
    "name": "test_infinite_canvas_text_layer_v2",
    "script": "tests/test_infinite_canvas_text_layer_v2.py",
    "archive": "archive/infinite_canvas/test_infinite_canvas_text_layer_v2.py",
    "status": "stable_regression",
    "exit_code": 0,
    "seconds": 300.08,
    "counts": {
      "passed": 6
    },
    "log": "artifacts/2026-09-14_stable_regression_all_archived/regression/test_infinite_canvas_text_layer_v2.log"
  },
  {
    "name": "test_mobile_home",
    "script": "tests/test_mobile_home.py",
    "archive": "archive/mobile_home/test_mobile_home.py",
    "status": "stable_regression",
    "exit_code": 1,
    "seconds": 434.92,
    "counts": {
      "passed": 34,
      "failed": 3,
      "skipped": 1
    },
    "log": "artifacts/2026-09-14_stable_regression_all_archived/regression/test_mobile_home.log"
  },
  {
    "name": "test_help_page",
    "script": "tests/test_help_page.py",
    "archive": "archive/help_center/test_help_page.py",
    "status": "stable_regression",
    "exit_code": 0,
    "seconds": 190.06,
    "counts": {
      "passed": 11
    },
    "log": "artifacts/2026-09-14_stable_regression_all_archived/regression/test_help_page.log"
  },
  {
    "name": "test_detection_ui_seo_l6",
    "script": "tests/test_detection_ui_seo_l6.py",
    "archive": "archive/detection_ui/test_detection_ui_seo_l6.py",
    "status": "stable_regression",
    "exit_code": 0,
    "seconds": 173.23,
    "counts": {
      "passed": 2
    },
    "log": "artifacts/2026-09-14_stable_regression_all_archived/regression/test_detection_ui_seo_l6.log"
  },
  {
    "name": "test_pokecut_pc_home_v6",
    "script": "tests/test_pokecut_pc_home_v6.py",
    "archive": "archive/pc_home/test_pokecut_pc_home_v6.py",
    "status": "stable_regression",
    "exit_code": 1,
    "seconds": 372.36,
    "counts": {
      "passed": 16,
      "failed": 1
    },
    "log": "artifacts/2026-09-14_stable_regression_all_archived/regression/test_pokecut_pc_home_v6.log"
  },
  {
    "name": "test_pokecut_pc_batch_v1",
    "script": "tests/test_pokecut_pc_batch_v1.py",
    "archive": "archive/pc_batch/test_pokecut_pc_batch_v1.py",
    "status": "pending_fix",
    "exit_code": 1,
    "seconds": 382.5,
    "counts": {
      "passed": 13,
      "failed": 3
    },
    "log": "artifacts/2026-09-14_stable_regression_all_archived/regression/test_pokecut_pc_batch_v1.log"
  },
  {
    "name": "test_old_canvas_insert_panel_v3",
    "script": "tests/test_old_canvas_insert_panel_v3.py",
    "archive": "archive/infinite_canvas_insert_panel/test_old_canvas_insert_panel_v3.py",
    "status": "stable_regression",
    "exit_code": 0,
    "seconds": 580.38,
    "counts": {
      "passed": 24
    },
    "log": "artifacts/2026-09-14_stable_regression_all_archived/regression/test_old_canvas_insert_panel_v3.log"
  },
  {
    "name": "test_old_canvas_text_panel_v1",
    "script": "tests/test_old_canvas_text_panel_v1.py",
    "archive": "archive/infinite_canvas_text_panel/test_old_canvas_text_panel_v1.py",
    "status": "stable_regression",
    "exit_code": 0,
    "seconds": 388.36,
    "counts": {
      "passed": 13
    },
    "log": "artifacts/2026-09-14_stable_regression_all_archived/regression/test_old_canvas_text_panel_v1.log"
  },
  {
    "name": "test_old_canvas_sticker_panel_v1",
    "script": "tests/test_old_canvas_sticker_panel_v1.py",
    "archive": "archive/infinite_canvas_sticker_panel/test_old_canvas_sticker_panel_v1.py",
    "status": "stable_regression",
    "exit_code": 0,
    "seconds": 205.08,
    "counts": {
      "passed": 9
    },
    "log": "artifacts/2026-09-14_stable_regression_all_archived/regression/test_old_canvas_sticker_panel_v1.log"
  },
  {
    "name": "test_infinite_canvas_enhance_v4",
    "script": "tests/test_infinite_canvas_enhance_v4.py",
    "archive": "archive/infinite_canvas_enhance/test_infinite_canvas_enhance_v4.py",
    "status": "pending_fix",
    "exit_code": 1,
    "seconds": 389.66,
    "counts": {
      "passed": 3,
      "failed": 3
    },
    "log": "artifacts/2026-09-14_stable_regression_all_archived/regression/test_infinite_canvas_enhance_v4.log"
  }
]
